
> portfolio-website@1.0.0 build
> vite build

node.exe : [33mThe 
CJS build of Vite's 
Node API is 
deprecated. See https
://vite.dev/guide/tro
ubleshooting.html#vit
e-cjs-node-api-deprec
ated for more 
details.[39m
At C:\Program Files\n
odejs\npm.ps1:29 
char:3
+   & $NODE_EXE 
$NPM_CLI_JS $args
+   ~~~~~~~~~~~~~~~~~
~~~~~~~~~~~~
    + CategoryInfo   
           : NotSpe  
  cified: ([33mTh   
 e CJS bu...e det    
ails.[39m:Strin    
g) [], RemoteExc    
eption
    + FullyQualified 
   ErrorId : Native  
  CommandError
 
[36mvite v5.4.21 [32mbuilding for production...[36m[39m
transforming...
[32mΓ£ô[39m 4 modules transformed.
[31mx[39m Build 
failed in 43ms
[31merror during 
build:
[31m[vite:esbuild] 
Transform failed 
with 1 error:
C:/Users/Carlo Mendoz
a/OneDrive/Desktop/Ap
p dev Portfolio/src/A
pp.jsx:7:7: ERROR: 
The symbol "Contact" 
has already been 
declared[31m
file: 
[36mC:/Users/Carlo M
endoza/OneDrive/Deskt
op/App dev Portfolio/
src/App.jsx:7:7[31m
[33m
[33mThe symbol 
"Contact" has 
already been 
declared[33m
5  |  import 
CurrentlyLearning 
from './components/Cu
rrentlyLearning'
6  |  import Contact 
from './components/Co
ntact'
7  |  import Contact 
from './components/Co
ntact'
   |         ^
8  |  
9  |  function App() 
{
[31m
    at 
failureErrorWithLog 
(C:\Users\Carlo Mendo
za\OneDrive\Desktop\A
pp dev Portfolio\node
_modules\esbuild\lib\
main.js:1472:15)
    at 
C:\Users\Carlo Mendoz
a\OneDrive\Desktop\Ap
p dev Portfolio\node_
modules\esbuild\lib\m
ain.js:755:50
    at responseCallba
cks.<computed> 
(C:\Users\Carlo Mendo
za\OneDrive\Desktop\A
pp dev Portfolio\node
_modules\esbuild\lib\
main.js:622:9)
    at 
handleIncomingPacket 
(C:\Users\Carlo Mendo
za\OneDrive\Desktop\A
pp dev Portfolio\node
_modules\esbuild\lib\
main.js:677:12)
    at Socket.readFro
mStdout 
(C:\Users\Carlo Mendo
za\OneDrive\Desktop\A
pp dev Portfolio\node
_modules\esbuild\lib\
main.js:600:7)
    at Socket.emit 
(node:events:518:28)
    at addChunk (node
:internal/streams/rea
dable:561:12)
    at readableAddChu
nkPushByteMode (node:
internal/streams/read
able:512:3)
    at Readable.push 
(node:internal/stream
s/readable:392:5)
    at 
Pipe.onStreamRead (no
de:internal/stream_ba
se_commons:189:23)[3
9m
